2026-10-02 17:50:58,676 [INFO] ==================================================
2026-10-02 17:50:58,676 [INFO] Monitoring Start
2026-10-02 17:50:58,676 [INFO] Date: 2026-10-03
2026-10-02 17:50:58,676 [INFO] 監視対象: 5 videos
2026-10-02 17:50:58,844 [INFO] CSV保存完了: 5 records
2026-10-02 17:50:58,845 [INFO] Monitoring Completed
2026-10-02 18:03:14,445 [INFO] ==================================================
2026-10-02 18:03:14,445 [INFO] Monitoring Start
2026-10-02 18:03:14,445 [INFO] Date: 2026-10-03 03:03
2026-10-02 18:03:14,445 [INFO] 監視対象: 5 videos
2026-10-02 18:03:14,576 [INFO] CSV保存完了: 10 records
2026-10-02 18:03:14,576 [INFO] Monitoring Completed
2026-10-03 06:38:47,720 [INFO] ==================================================
2026-10-03 06:38:47,721 [INFO] Monitoring Start
2026-10-03 06:38:47,721 [INFO] Date: 2026-10-03 15:38
2026-10-03 06:38:47,721 [INFO] 監視対象: 5 videos
2026-10-03 06:38:47,854 [INFO] CSV保存完了: 15 records
2026-10-03 06:38:47,854 [INFO] Monitoring Completed
2026-10-03 16:39:35,793 [INFO] ==================================================
2026-10-03 16:39:35,793 [INFO] Monitoring Start
2026-10-03 16:39:35,793 [INFO] Date: 2026-10-04 01:39
2026-10-03 16:39:35,793 [INFO] 監視対象: 5 videos
2026-10-03 16:39:35,944 [INFO] CSV保存完了: 20 records
2026-10-03 16:39:35,944 [INFO] Monitoring Completed
2026-10-04 20:41:03,988 [INFO] ==================================================
2026-10-04 20:41:03,988 [INFO] Monitoring Start
2026-10-04 20:41:03,988 [INFO] Date: 2026-10-05 05:41
2026-10-04 20:41:03,988 [INFO] 監視対象: 5 videos
2026-10-04 20:41:04,150 [INFO] CSV保存完了: 25 records
2026-10-04 20:41:04,150 [INFO] Monitoring Completed
